// Jest Snapshot v1, https://goo.gl/fbAQLP

exports[`OverviewFooterComponent should render bottom navigation actions if authenticated 1`] = `
<div
  className="root"
>
  <WithStyles(AppBar)
    className="appBar"
    position="static"
  >
    <WithStyles(Grid)
      alignItems="center"
      container={true}
      justify="center"
    >
      <WithStyles(BottomNavigation)
        className="navigation"
        showLabels={true}
        value={-1}
      >
        <WithStyles(BottomNavigationAction)
          icon={
            <img
              alt="wellness visual"
              className="navigationImage"
              src="WellnessVisual.png"
            />
          }
          id="cellCheckButton"
          label={
            <WithStyles(Typography)
              variant="body1"
            >
              Cell Check
            </WithStyles(Typography)>
          }
          onClick={[Function]}
        />
        <WithStyles(BottomNavigationAction)
          icon={
            <img
              alt="meal accept"
              className="navigationImage"
              src="MealAccept.png"
            />
          }
          id="mealButton"
          label={
            <WithStyles(Typography)
              variant="body1"
            >
              Meal
            </WithStyles(Typography)>
          }
          onClick={[Function]}
        />
        <WithStyles(BottomNavigationAction)
          className="disabled"
          disabled={true}
          icon={
            <img
              alt="Medication accept"
              className="navigationImage"
              src="MedicineAccept.png"
            />
          }
          id="medicationButton"
          label={
            <WithStyles(Typography)
              variant="body1"
            >
              Medication
            </WithStyles(Typography)>
          }
          onClick={[Function]}
        />
      </WithStyles(BottomNavigation)>
    </WithStyles(Grid)>
  </WithStyles(AppBar)>
</div>
`;

exports[`OverviewFooterComponent should render sign in button if not authenticated 1`] = `
<div
  className="root"
>
  <WithStyles(AppBar)
    className="appBar"
    position="static"
  >
    <WithStyles(Grid)
      alignItems="center"
      container={true}
      justify="center"
    >
      <WithStyles(Button)
        className="button"
        color="secondary"
        id="signInButton"
        onClick={[Function]}
        variant="contained"
      >
        Scan ID Card to Access
      </WithStyles(Button)>
      <Connect(WithStyles(ScanCardDialogComponent)) />
    </WithStyles(Grid)>
  </WithStyles(AppBar)>
</div>
`;
