// Jest Snapshot v1, https://goo.gl/fbAQLP

exports[`DetaineeComponent should render component 1`] = `
<Fragment>
  <WithStyles(LayoutComponent)>
    <Connect(WithStyles(HeaderComponent))
      onLogout={[Function]}
    />
    <div
      className="body"
    >
      <Connect(DetaineeDetailsComponent) />
    </div>
    <WithStyles(withRouter(FooterComponent)) />
  </WithStyles(LayoutComponent)>
</Fragment>
`;
