// Jest Snapshot v1, https://goo.gl/fbAQLP

exports[`HeaderMenuComponent should render 1`] = `
<withRouter(HeaderMenu)
  cellDetails={
    Object {
      "name": "c1",
    }
  }
  classes={
    Object {
      "icon": "withRouter-HeaderMenu--icon-1",
    }
  }
  handleMenuClose={[MockFunction]}
  handleMenuOpen={[MockFunction]}
  history={
    Object {
      "push": [MockFunction],
    }
  }
  menuAnchorElement={Object {}}
  open={false}
/>
`;
