// Jest Snapshot v1, https://goo.gl/fbAQLP

exports[`HeaderMenuComponent should render 1`] = `
<div>
  <WithStyles(Button)
    onClick={[Function]}
    size="small"
    variant="text"
  >
    <pure(MoreVertIcon) />
  </WithStyles(Button)>
  <WithStyles(Menu)
    anchorEl={Object {}}
    onClose={[Function]}
    open={false}
  >
    <WithStyles(MenuItem)
      onClick={[Function]}
    >
      Cell History Report
    </WithStyles(MenuItem)>
  </WithStyles(Menu)>
</div>
`;
