// Jest Snapshot v1, https://goo.gl/fbAQLP

exports[`TapToBeginComponent should render 1`] = `
<WithStyles(Grid)
  container={true}
  justify="center"
>
  <WithStyles(Grid)
    container={true}
    id="mainGrid"
    justify="center"
    onClick={[Function]}
  >
    <WithStyles(Grid)
      item={true}
      xs={12}
    >
      <WithStyles(HeaderComponent)
        versions={
          Array [
            Object {
              "name": "Cell App",
              "version": "1.0.0",
            },
            Object {
              "name": "Detainee Management Service",
              "version": "1.0.0",
            },
            Object {
              "name": "EPROS Service",
              "version": "1.0.0",
            },
          ]
        }
      />
    </WithStyles(Grid)>
    <WithStyles(Grid)
      item={true}
    >
      <img
        alt="EPS Logo"
        src="EPSlogo.png"
        width={350}
      />
      <WithStyles(Typography)
        align="center"
        variant="h4"
      >
        Tap to begin
      </WithStyles(Typography)>
    </WithStyles(Grid)>
  </WithStyles(Grid)>
</WithStyles(Grid)>
`;
